"<div class=\"block pb-8\">\n  <nav class=\"flex isolate rounded-lg shadow divide-gray-200 flex-col mx-5 lg:flex-row lg:divide-x lg:mx-0\" aria-label=\"Tabs\">\n    <a href=\"/path\" data-phx-link=\"redirect\" data-phx-link-state=\"push\" class=\"text-gray-500 hover:text-gray-700 group relative min-w-0 flex-1 overflow-hidden bg-white py-4 px-4 text-sm font-medium text-center hover:bg-gray-100 focus:z-10\">\n  \n      <span>Title</span>\n      <span aria-hidden=\"true\" class=\"bg-transparent absolute inset-x-0 bottom-0 h-0.5\"></span>\n    \n</a><a href=\"/second_path\" data-phx-link=\"redirect\" data-phx-link-state=\"push\" class=\"text-gray-900 rounded-l-lg group relative min-w-0 flex-1 overflow-hidden bg-white py-4 px-4 text-sm font-medium text-center hover:bg-gray-100 focus:z-10\">\n  \n      <span>Another Title</span>\n      <span aria-hidden=\"true\" class=\"bg-pink-500 absolute inset-x-0 bottom-0 h-0.5\"></span>\n    \n</a><a href=\"/last_path\" data-phx-link=\"redirect\" data-phx-link-state=\"push\" class=\"text-gray-500 hover:text-gray-700 group relative min-w-0 flex-1 overflow-hidden bg-white py-4 px-4 text-sm font-medium text-center hover:bg-gray-100 focus:z-10\">\n  \n      <span>Yet Another Title</span>\n      <span aria-hidden=\"true\" class=\"bg-transparent absolute inset-x-0 bottom-0 h-0.5\"></span>\n    \n</a>\n  </nav>\n</div>"