"<div class=\"text-xs font-bold leading-sm uppercase rounded-full border inline-flex items-center m-1 px-4 py-1\">\n  Basic pill\n</div>"