"<div class=\"text-xs font-bold leading-sm uppercase rounded-full border inline-flex items-center m-1 px-4 py-1 bg-pink-500\">\n  styled pill\n</div>"