"this should render totally deviod of any wrappers"