"<a href=\"/\" data-phx-link=\"redirect\" data-phx-link-state=\"push\" class=\"\">\n  Test unstyled Link\n</a>"