"<a href=\"/\" data-phx-link=\"redirect\" data-phx-link-state=\"push\" class=\"font-medium text-secondary-500 hover:text-secondary-600 hover:underline\">\n  Test Link\n</a>"