"<a href=\"/test\" data-phx-link=\"patch\" data-phx-link-state=\"push\" class=\"font-medium text-secondary-500 hover:text-secondary-600 hover:underline\">\n  Test patch with var\n</a>"