"<a href=\"/test\" data-phx-link=\"patch\" data-phx-link-state=\"push\" class=\"\">\n  Test patch\n</a>"