"<a href=\"https://www.google.com/\" class=\"\">\n  Test bare href\n</a>"