"<div class=\"flex h-screen overflow-hidden bg-white dark:bg-[#181B22]\" x-data=\"{sidebarOpen: false}\">\n  <div class=\"relative z-40 lg:w-64\">\n    <div x-show=\"sidebarOpen\" x-transition:enter=\"transition-opacity ease-linear duration-300\" x-transition:enter-start=\"opacity-0\" x-transition:enter-end=\"opacity-100\" x-transition:leave=\"transition-opacity ease-linear duration-300\" x-transition:leave-start=\"opacity-100\" x-transition:leave-end=\"opacity-0\" class=\"fixed inset-0 bg-gray-900/80\">\n    </div>\n\n    <div id=\"sidebar\" class=\"absolute top-0 left-0 z-40 flex-shrink-0 w-64 h-full overflow-y-auto transition-transform duration-200 ease-in-out transform border-r lg:static lg:left-auto lg:top-auto lg:translate-x-0 lg:overflow-y-auto no-scrollbar bg-white dark:bg-gray-900 border-[#DADADA] dark:border-[#4E535F]\" x-bind:class=\"sidebarOpen ? 'translate-x-0' : '-translate-x-64'\" @click.away=\"sidebarOpen = false\" @keydown.escape.window=\"sidebarOpen = false\" x-cloak>\n      <div class=\"relative flex flex-col w-full h-full p-4 sidebar-background\">\n        <div class=\"flex items-center justify-between h-auto gap-2 px-3 pt-5 mb-10\">\n          <a class=\"flex-1 block h-9\" href=\"/\">\n            <div class=\"inline-flex h-10 justify-center transition-none animation-none \">\n  <svg xmlns=\"http://www.w3.org/2000/svg\" viewBox=\"0 0 145 92\" class=\"h-auto w-10 mr-4\" aria-label=\"Batteries Included Logo, a cloud with charged ends\">\n  <path class=\"fill-pink-500\" d=\"M36.54,38.3h-4.68c-11.73,0-21.32,9.59-21.32,21.32h0c0,11.73,9.6,21.32,21.32,21.32h27.17c1.4,0,2.76-.14,4.09-.4h-.06c7.83-1.54,14.16-7.4,16.38-14.97-2.83-1.96-4.68-5.23-4.68-8.94,0-6,4.87-10.87,10.87-10.87s10.87,4.87,10.87,10.87c0,4.42-2.64,8.23-6.44,9.93-.05,.21-.09,.41-.14,.61h.06c-3.42,13.85-15.98,24.2-30.84,24.2H31.76C14.29,91.37,0,77.08,0,59.62H0c0-15.85,11.77-29.09,27.01-31.4l-.07-.07C33.69-2.39,69.77-8.99,89.27,12.83,57.24,1.93,38.52,9.66,36.54,38.3h0Zm47.66,12.24v4.68h-4.68v2.84h4.68v4.68h2.84v-4.68h4.68v-2.84h-4.68v-4.68h-2.84Z\"></path><path class=\"fill-gray-500 dark:fill-white\" d=\"M118.42,35.8c14.48,.15,26.28,12.04,26.28,26.55h0c0,14.61-11.95,26.56-26.56,26.56-10.12,0-17.43-2.12-25.23-9.31h24.02c9.49,0,17.25-7.76,17.25-17.25h0c0-9.49-7.76-17.25-17.25-17.25h-5.27c-3.86-9.35-13.07-15.93-23.81-15.93-11.57,0-21.37,7.64-24.61,18.14,3.16,1.9,5.27,5.36,5.27,9.32,0,6-4.87,10.87-10.87,10.87s-10.87-4.87-10.87-10.87c0-4.22,2.4-7.87,5.91-9.67,3.63-16.08,18-28.09,35.17-28.09,12.88,0,24.19,6.76,30.56,16.92h0Zm-54.68,19.42h-12.19v2.84h12.19v-2.84Z\"></path>\n</svg>\n  <div class=\"flex flex-col justify-between h-8 my-auto text-sm leading-none align-middle dark:text-[#D1C7CA] whitespace-nowrap\">\n    <span class=\"font-semibold tracking-[0.25rem] uppercase\">\n      Batteries\n    </span>\n    <span class=\"tracking-[0.35rem] text-[0.6125rem] uppercase\">\n      Included\n    </span>\n  </div>\n</div>\n          </a>\n        </div>\n\n        <div class=\"flex flex-col justify-between h-full\">\n          \n  <nav>\n  \n\n  <div class=\"pc-vertical-menu__menu-group__wrapper\">\n    <div class=\"pc-vertical-menu__menu-group\">\n      <a href=\"/\" class=\"pc-vertical-menu-item group pc-vertical-menu-item--active\" data-phx-link=\"redirect\" data-phx-link-state=\"push\">\n  <svg xmlns=\"http://www.w3.org/2000/svg\" class=\"pc-vertical-menu-item__icon pc-vertical-menu-item__icon--active\" aria-hidden=\"true\" fill=\"none\" viewBox=\"0 0 24 24\" stroke=\"currentColor\" stroke-width=\"1.5\">\n  <path stroke-linecap=\"round\" stroke-linejoin=\"round\" d=\"M2.25 12l8.954-8.955c.44-.439 1.152-.439 1.591 0L21.75 12M4.5 9.75v10.125c0 .621.504 1.125 1.125 1.125H9.75v-4.875c0-.621.504-1.125 1.125-1.125h2.25c.621 0 1.125.504 1.125 1.125V21h4.125c.621 0 1.125-.504 1.125-1.125V9.75M8.25 21h8.25\"/>\n</svg>\n\n\n\n\n  <div class=\"pc-vertical-menu-item__label\">Home</div>\n</a>\n    </div>\n  </div>\n</nav>\n\n          \n  <nav>\n  \n\n  <div class=\"pc-vertical-menu__menu-group__wrapper\">\n    <div class=\"pc-vertical-menu__menu-group\">\n      <a href=\"/\" class=\"pc-vertical-menu-item group pc-vertical-menu-item--inactive\" data-phx-link=\"redirect\" data-phx-link-state=\"push\">\n  <svg xmlns=\"http://www.w3.org/2000/svg\" class=\"pc-vertical-menu-item__icon pc-vertical-menu-item__icon--inactive\" aria-hidden=\"true\" fill=\"none\" viewBox=\"0 0 24 24\" stroke=\"currentColor\" stroke-width=\"1.5\">\n  <path stroke-linecap=\"round\" stroke-linejoin=\"round\" d=\"M10.5 6h9.75M10.5 6a1.5 1.5 0 11-3 0m3 0a1.5 1.5 0 10-3 0M3.75 6H7.5m3 12h9.75m-9.75 0a1.5 1.5 0 01-3 0m3 0a1.5 1.5 0 00-3 0m-3.75 0H7.5m9-6h3.75m-3.75 0a1.5 1.5 0 01-3 0m3 0a1.5 1.5 0 00-3 0m-9.75 0h9.75\"/>\n</svg>\n\n\n\n\n  <div class=\"pc-vertical-menu-item__label\">Settings</div>\n</a>\n    </div>\n  </div>\n</nav>\n\n        </div>\n      </div>\n    </div>\n  </div>\n\n  <svg class=\"absolute right-0\" width=\"491\" height=\"205\" viewBox=\"0 0 491 205\" fill=\"none\" xmlns=\"http://www.w3.org/2000/svg\">\n  <g opacity=\"0.5\" filter=\"url(#filter0_f_834_17481)\">\n    <circle class=\"fill-[#F0EDFF] dark:fill-[#5D5589]\" cx=\"245.016\" cy=\"-40.0562\" r=\"149.016\"></circle>\n  </g>\n  <defs>\n    <filter id=\"filter0_f_834_17481\" x=\"0\" y=\"-285.072\" width=\"490.032\" height=\"490.032\" filterUnits=\"userSpaceOnUse\" color-interpolation-filters=\"sRGB\">\n      <feFlood flood-opacity=\"0\" result=\"BackgroundImageFix\"></feFlood>\n      <feBlend mode=\"normal\" in=\"SourceGraphic\" in2=\"BackgroundImageFix\" result=\"shape\"></feBlend>\n      <feGaussianBlur stdDeviation=\"48\" result=\"effect1_foregroundBlur_834_17481\"></feGaussianBlur>\n    </filter>\n  </defs>\n</svg>\n\n<svg class=\"absolute right-0\" width=\"497\" height=\"272\" viewBox=\"0 0 497 272\" fill=\"none\" xmlns=\"http://www.w3.org/2000/svg\">\n  <g opacity=\"0.44\" filter=\"url(#filter0_f_834_17482)\">\n    <ellipse class=\"fill-[#FED8EB] dark:fill-[#4B2538]\" cx=\"337.394\" cy=\"-58.9357\" rx=\"240.606\" ry=\"234.064\"></ellipse>\n  </g>\n  <defs>\n    <filter id=\"filter0_f_834_17482\" x=\"0.787109\" y=\"-389\" width=\"673.213\" height=\"660.129\" filterUnits=\"userSpaceOnUse\" color-interpolation-filters=\"sRGB\">\n      <feFlood flood-opacity=\"0\" result=\"BackgroundImageFix\"></feFlood>\n      <feBlend mode=\"normal\" in=\"SourceGraphic\" in2=\"BackgroundImageFix\" result=\"shape\"></feBlend>\n      <feGaussianBlur stdDeviation=\"48\" result=\"effect1_foregroundBlur_834_17482\"></feGaussianBlur>\n    </filter>\n  </defs>\n</svg>\n\n  <div class=\"relative flex flex-col flex-1 p-8 overflow-x-auto overflow-y-auto lg:pb-0\">\n    <div class=\"flex min-w-[68px] mb-6 lg:mb-0\">\n      <button class=\"text-gray-500 hover:text-gray-600 lg:hidden\" @click.stop=\"sidebarOpen = !sidebarOpen\" aria-controls=\"sidebar\" x-bind:aria-expanded=\"sidebarOpen\">\n        <span class=\"sr-only\">\n          Open sidebar\n        </span>\n        <svg xmlns=\"http://www.w3.org/2000/svg\" class=\"w-6 h-6 fill-current\" aria-hidden=\"true\" fill=\"none\" viewBox=\"0 0 24 24\" stroke=\"currentColor\" stroke-width=\"1.5\">\n  <path stroke-linecap=\"round\" stroke-linejoin=\"round\" d=\"M3.75 6.75h16.5M3.75 12h16.5m-16.5 5.25h16.5\"/>\n</svg>\n      </button>\n    </div>\n\n    \n  \n  </div>\n</div>"