"<h1 class=\"text-4xl leading-7 text-pink-500 sm:text-3xl sm:truncate m-10\">\n  Test Header With Class\n</h1>"