"<h3 class=\"text-lg sm:text-2xl text-bold my-2\">\n  Test H3 Header\n</h3>"