"<h4 class=\"text-lg font-bold leading-loose text-blizzard-blue-800\">\n  Test H4 Accent Color Header\n</h4>"