"<h2 class=\"text-2xl sm:text-3xl font-bold leading-10 text-primary-500\">\n  Test H2 Header\n</h2>"