"<h1 class=\"text-5xl leading-7 text-pink-500 sm:text-3xl sm:truncate\">\n  Test Header\n</h1>"