"<div class=\"p-4 bg-white rounded-lg border border-gray-200 shadow-lg flex flex-col\">\n  \n  \n  Inner test\n\n</div>"