"<ul class=\"steps steps-vertical\">\n  <li class=\"step step-secondary\">\n    Step 0\n  </li><li class=\"step step-secondary\">\n    Step 1\n  </li><li class=\"step\">\n    Step 2\n  </li>\n</ul>"