"<div id=\"keycloak-realms-table\" class=\"overflow-y-auto px-4 sm:overflow-visible sm:px-0\">\n  <table class=\"mt-4 w-full\">\n    <thead class=\"text-left text-base leading-6 text-gray-700\">\n      <tr>\n        <th class=\"p-0 pb-4 pr-6 text-pink-500\">\n          Id\n        </th><th class=\"p-0 pb-4 pr-6 text-pink-500\">\n          Name\n        </th>\n        <th class=\"relative p-0 pb-4\">\n          <span class=\"sr-only\">Actions</span>\n        </th>\n      </tr>\n    </thead>\n    <tbody class=\"relative divide-y divide-gray-100 border-t border-gray-200 text-sm leading-6 text-gray-700\">\n      <tr id=\"keycloak-realms-table-idx-0\" class=\"relative group hover:bg-gray-50\">\n        <td class=\"p-0 \">\n          <div>\n            <span class=\"absolute h-full w-4 top-0 -left-4 group-hover:bg-gray-50 sm:rounded-l-xl\"></span>\n            <span class=\"absolute h-full w-4 top-0 -right-4 group-hover:bg-gray-50 sm:rounded-r-xl\"></span>\n          </div>\n          <div class=\"block py-4 pr-6\">\n            <span class=\"relative font-semibold text-gray-900\">\n              00-00-00-00-00-00\n            </span>\n          </div>\n        </td><td class=\"p-0 \">\n          \n          <div class=\"block py-4 pr-6\">\n            <span class=\"relative \">\n              Keycloak\n            </span>\n          </div>\n        </td>\n        <td class=\"p-0 w-14\">\n          <div class=\"relative whitespace-nowrap py-4 text-right text-sm font-medium\">\n            <span class=\"relative ml-4 font-semibold leading-6 text-gray-900 hover:text-gray-700\">\n              \n    <a href=\"http://keycloak.example.129.99.1.1.ip.batteriesincl.com/admin/master/console\" class=\"\">\n  Keycloak Admin\n</a>\n  \n            </span><span class=\"relative ml-4 font-semibold leading-6 text-gray-900 hover:text-gray-700\">\n              \n    <a href=\"/keycloak/realm/master\" data-phx-link=\"redirect\" data-phx-link-state=\"push\" class=\"font-medium text-pink-500 hover:text-pink-600 hover:underline\">\n  \n      Show Realm\n    \n</a>\n  \n            </span>\n          </div>\n        </td>\n      </tr>\n    </tbody>\n  </table>\n</div>"